{
    "seed": 5796640276592437521,
    "samples": [
        {
            "value": 12,
            "key": 0
        },
        {
            "value": 0,
            "key": -29
        },
        {
            "value": 14,
            "key": 19
        },
        {
            "value": -11,
            "key": 7
        },
        {
            "value": 11,
            "key": 2
        }
    ]
}