{
    "seed": 2562069633061121990,
    "samples": [
        17,
        13,
        18,
        27,
        25
    ]
}