{
    "seed": 5485981895712147451,
    "samples": [
        21,
        24,
        28,
        28,
        3
    ]
}