{
    "seed": -1742503314309110955,
    "samples": [
        {
            "articleContent": "k]WAc8Mno3UfrT^sL4zUz>f;b,Yh",
            "articleTitle": "/U",
            "articleAuthor": "$(\\?m=@Oo]j"
        },
        {
            "articleContent": "2e#S(O4^(1`83/S7zr*",
            "articleTitle": "EplBa+75QV^SN&'(8%(",
            "articleAuthor": "TvAeU$D[90qmwrx=]Ay`?"
        },
        {
            "articleContent": "V#FbaANMsTL",
            "articleTitle": "V4LI'DRea;>n7gP6)w7d `X",
            "articleAuthor": "CcG[]Yxfiv7vhV?5om4*\"jP,&z1c"
        },
        {
            "articleContent": "hF,$ebw^j0vKK1",
            "articleTitle": "3'/ 2;ey7dGFR G4R2iWbWEDM\"=Du",
            "articleAuthor": "Ez^Rf*"
        },
        {
            "articleContent": "^L8GoQLri^,7<oS-",
            "articleTitle": "in:c`fg`dh?si",
            "articleAuthor": "v[_L*r=%Z#"
        }
    ]
}